
There are no discarded input sections

Memory Configuration

Name             Origin             Length             Attributes
Flash            0x08000000         0x00010000         xr
SRAM             0x20000000         0x00005000         xrw
*default*        0x00000000         0xffffffff

Linker script and memory map

LOAD main.o
LOAD GPIO_Prog.o
LOAD RCC_Prog.o
LOAD SysTick_Prog.o
LOAD startup.o
LOAD lcd.o
LOAD Stm32_F103C6_GPIO.o

.text           0x08000000     0x17b0
 *(.isr_vector)
 .isr_vector    0x08000000      0x1c4 startup.o
                0x08000000                Vectors
 *(.text)
 .text          0x080001c4       0xbc main.o
                0x080001c4                clock_init
                0x080001ec                wait_ms
                0x08000226                main
 .text          0x08000280      0x4ac GPIO_Prog.o
                0x08000280                GPIO_u8PinInit
                0x080004a4                GPIO_u8SetPinValue
                0x08000584                GPIO_u8TogglePinValue
                0x08000650                GPIO_u8ReadPinValue
 .text          0x0800072c      0x5b8 RCC_Prog.o
                0x0800072c                RCC_SetSysClock
                0x0800076c                RCC_SetClockStatus
                0x0800098c                RCC_PLLMConfig
                0x08000a50                RCC_AHBConfig
                0x08000a90                RCC_APBConfig
                0x08000af0                RCC_AHB1EnableClock
                0x08000b20                RCC_AHB1DisableClock
                0x08000b54                RCC_AHB2EnableClock
                0x08000b84                RCC_AHB2DisableClock
                0x08000bb8                RCC_AHB3EnableClock
                0x08000be8                RCC_AHB3DisableClock
                0x08000c1c                RCC_APB1EnableClock
                0x08000c4c                RCC_APB1DisableClock
                0x08000c80                RCC_APB2EnableClock
                0x08000cb0                RCC_APB2DisableClock
 .text          0x08000ce4      0x1d4 SysTick_Prog.o
                0x08000ce4                SysTick_Init
                0x08000d44                SysTick_Delayus
                0x08000db8                SysTick_Delayms
                0x08000dd8                SysTick_InterruptTimer_ms
                0x08000e4c                SysTick_DisableInterrupt
                0x08000e68                Systick_InterruptSetCallBack
                0x08000e9c                SysTick_Handler
 .text          0x08000eb8       0x84 startup.o
                0x08000eb8                RTC_Alarm_IRQHandler
                0x08000eb8                EXTI2_IRQHandler
                0x08000eb8                TIM8_CC_IRQHandler
                0x08000eb8                DebugMon_Handler
                0x08000eb8                FMPI2C1_EV_IRQHandler
                0x08000eb8                SPI4_IRQHandler
                0x08000eb8                TIM1_CC_IRQHandler
                0x08000eb8                DMA2_Stream5_IRQHandler
                0x08000eb8                HardFault_Handler
                0x08000eb8                DMA1_Stream5_IRQHandler
                0x08000eb8                PVD_IRQHandler
                0x08000eb8                SDIO_IRQHandler
                0x08000eb8                TAMP_STAMP_IRQHandler
                0x08000eb8                PendSV_Handler
                0x08000eb8                NMI_Handler
                0x08000eb8                CAN2_RX1_IRQHandler
                0x08000eb8                EXTI3_IRQHandler
                0x08000eb8                TIM1_UP_TIM10_IRQHandler
                0x08000eb8                TIM8_UP_TIM13_IRQHandler
                0x08000eb8                I2C3_ER_IRQHandler
                0x08000eb8                EXTI0_IRQHandler
                0x08000eb8                I2C2_EV_IRQHandler
                0x08000eb8                DMA1_Stream2_IRQHandler
                0x08000eb8                CAN1_RX0_IRQHandler
                0x08000eb8                FPU_IRQHandler
                0x08000eb8                OTG_HS_WKUP_IRQHandler
                0x08000eb8                UsageFault_Handler
                0x08000eb8                CAN2_SCE_IRQHandler
                0x08000eb8                DMA2_Stream2_IRQHandler
                0x08000eb8                SPI1_IRQHandler
                0x08000eb8                TIM6_DAC_IRQHandler
                0x08000eb8                TIM1_BRK_TIM9_IRQHandler
                0x08000eb8                DCMI_IRQHandler
                0x08000eb8                CAN2_RX0_IRQHandler
                0x08000eb8                DMA2_Stream3_IRQHandler
                0x08000eb8                SAI2_IRQHandler
                0x08000eb8                USART6_IRQHandler
                0x08000eb8                TIM1_TRG_COM_TIM11_IRQHandl
                0x08000eb8                USART3_IRQHandler
                0x08000eb8                SAI1_IRQHandler
                0x08000eb8                TIM8_TRG_COM_TIM14_IRQHandl
                0x08000eb8                CAN1_RX1_IRQHandler
                0x08000eb8                UART5_IRQHandler
                0x08000eb8                DMA2_Stream0_IRQHandler
                0x08000eb8                TIM4_IRQHandler
                0x08000eb8                QUADSPI_IRQHandler
                0x08000eb8                I2C1_EV_IRQHandler
                0x08000eb8                DMA1_Stream6_IRQHandler
                0x08000eb8                DMA1_Stream1_IRQHandler
                0x08000eb8                UART4_IRQHandler
                0x08000eb8                TIM3_IRQHandler
                0x08000eb8                RCC_IRQHandler
                0x08000eb8                TIM8_BRK_TIM12_IRQHandler
                0x08000eb8                Default_Handler
                0x08000eb8                CEC_IRQHandler
                0x08000eb8                EXTI15_10_IRQHandler
                0x08000eb8                ADC_IRQHandler
                0x08000eb8                DMA1_Stream7_IRQHandler
                0x08000eb8                TIM7_IRQHandler
                0x08000eb8                CAN2_TX_IRQHandler
                0x08000eb8                TIM5_IRQHandler
                0x08000eb8                DMA2_Stream7_IRQHandler
                0x08000eb8                I2C3_EV_IRQHandler
                0x08000eb8                EXTI9_5_IRQHandler
                0x08000eb8                RTC_WKUP_IRQHandler
                0x08000eb8                SPDIF_RX_IRQHandler
                0x08000eb8                SPI2_IRQHandler
                0x08000eb8                OTG_HS_EP1_IN_IRQHandler
                0x08000eb8                MemManage_Handler
                0x08000eb8                DMA1_Stream0_IRQHandler
                0x08000eb8                CAN1_TX_IRQHandler
                0x08000eb8                SVC_Handler
                0x08000eb8                FMPI2C1_ER_IRQHandler
                0x08000eb8                EXTI4_IRQHandler
                0x08000eb8                OTG_HS_EP1_OUT_IRQHandler
                0x08000eb8                WWDG_IRQHandler
                0x08000eb8                TIM2_IRQHandler
                0x08000eb8                OTG_FS_WKUP_IRQHandler
                0x08000eb8                OTG_HS_IRQHandler
                0x08000eb8                EXTI1_IRQHandler
                0x08000eb8                USART2_IRQHandler
                0x08000eb8                I2C2_ER_IRQHandler
                0x08000eb8                DMA2_Stream1_IRQHandler
                0x08000eb8                CAN1_SCE_IRQHandler
                0x08000eb8                FLASH_IRQHandler
                0x08000eb8                DMA2_Stream4_IRQHandler
                0x08000eb8                BusFault_Handler
                0x08000eb8                USART1_IRQHandler
                0x08000eb8                OTG_FS_IRQHandler
                0x08000eb8                SPI3_IRQHandler
                0x08000eb8                DMA1_Stream4_IRQHandler
                0x08000eb8                I2C1_ER_IRQHandler
                0x08000eb8                FMC_IRQHandler
                0x08000eb8                DMA2_Stream6_IRQHandler
                0x08000eb8                DMA1_Stream3_IRQHandler
                0x08000ebe                Reset_Handler
 .text          0x08000f3c      0x408 lcd.o
                0x08000f76                LCD_GPIO_init
                0x080010d0                lcd_is_busy
                0x080011a8                lcd_kick
                0x080011d4                lcd_send_command
                0x08001218                lcd_init
                0x0800124c                lcd_send_char
                0x08001290                lcd_send_string
                0x080012ea                lcd_set_position
                0x08001334                lcd_clear
 .text          0x08001344      0x43c Stm32_F103C6_GPIO.o
                0x08001344                Get_Bit_Location
                0x080014b2                MCAL_GPIO_Init
                0x080015aa                MCAL_GPIO_DeInit
                0x0800167c                MCAL_GPIO_ReadPin
                0x080016aa                MCAL_GPIO_ReadPort
                0x080016c4                MCAL_GPIO_WritePort
                0x080016e0                MCAL_GPIO_WritePin
                0x0800170e                MCAL_GPIO_TogglePin
                0x08001730                MCAL_GPIO_LockPin
 *(.rodata)
 .rodata        0x08001780       0x2d main.o
                0x080017b0                        . = ALIGN (0x4)
 *fill*         0x080017ad        0x3 
                0x080017b0                        _etext_ = .

.glue_7         0x080017b0        0x0
 .glue_7        0x080017b0        0x0 linker stubs

.glue_7t        0x080017b0        0x0
 .glue_7t       0x080017b0        0x0 linker stubs

.vfp11_veneer   0x080017b0        0x0
 .vfp11_veneer  0x080017b0        0x0 linker stubs

.v4_bx          0x080017b0        0x0
 .v4_bx         0x080017b0        0x0 linker stubs

.iplt           0x080017b0        0x0
 .iplt          0x080017b0        0x0 main.o

.rel.dyn        0x080017b0        0x0
 .rel.iplt      0x080017b0        0x0 main.o

.data           0x20000000        0x0 load address 0x080017b0
                0x20000000                        _sdata_ = .
 *(.data)
 .data          0x20000000        0x0 main.o
 .data          0x20000000        0x0 GPIO_Prog.o
 .data          0x20000000        0x0 RCC_Prog.o
 .data          0x20000000        0x0 SysTick_Prog.o
 .data          0x20000000        0x0 startup.o
 .data          0x20000000        0x0 lcd.o
 .data          0x20000000        0x0 Stm32_F103C6_GPIO.o
                0x20000000                        . = ALIGN (0x4)
                0x20000000                        _edata_ = .

.igot.plt       0x20000000        0x0 load address 0x080017b0
 .igot.plt      0x20000000        0x0 main.o

.bss            0x20000000        0xc load address 0x080017b0
                0x20000000                        _sbss_ = .
 *(.bss)
 .bss           0x20000000        0x0 main.o
 .bss           0x20000000        0x0 GPIO_Prog.o
 .bss           0x20000000        0x0 RCC_Prog.o
 .bss           0x20000000        0x8 SysTick_Prog.o
 .bss           0x20000008        0x0 startup.o
 .bss           0x20000008        0x4 lcd.o
                0x20000008                PinCfg
 .bss           0x2000000c        0x0 Stm32_F103C6_GPIO.o
                0x2000000c                        . = ALIGN (0x4)
                0x2000000c                        _ebss_ = .
OUTPUT(executble.elf elf32-littlearm)
LOAD linker stubs

.comment        0x00000000       0x44
 .comment       0x00000000       0x44 main.o
                                 0x45 (size before relaxing)
 .comment       0x00000044       0x45 GPIO_Prog.o
 .comment       0x00000044       0x45 RCC_Prog.o
 .comment       0x00000044       0x45 SysTick_Prog.o
 .comment       0x00000044       0x45 startup.o
 .comment       0x00000044       0x45 lcd.o
 .comment       0x00000044       0x45 Stm32_F103C6_GPIO.o

.ARM.attributes
                0x00000000       0x2e
 .ARM.attributes
                0x00000000       0x2e main.o
 .ARM.attributes
                0x0000002e       0x2e GPIO_Prog.o
 .ARM.attributes
                0x0000005c       0x2e RCC_Prog.o
 .ARM.attributes
                0x0000008a       0x2e SysTick_Prog.o
 .ARM.attributes
                0x000000b8       0x2e startup.o
 .ARM.attributes
                0x000000e6       0x2e lcd.o
 .ARM.attributes
                0x00000114       0x2e Stm32_F103C6_GPIO.o
